// Vitest Snapshot v1, https://vitest.dev/guide/snapshot.html

exports[`u-spinner.vue > Demo-基本用法 1`] = `
<div>
  <div class="root"></div> 正在加载中...
</div>
`;
