// Vitest Snapshot v1, https://vitest.dev/guide/snapshot.html

exports[`u-block.vue > Demo-基本用法 1`] = `
<div>
  <div class="root">Block</div>
</div>
`;
