// Vitest Snapshot v1, https://vitest.dev/guide/snapshot.html

exports[`f-forbidden.vue > Demo-基本用法 1`] = `
<div>
  <div></div>
</div>
`;
