// Vitest Snapshot v1, https://vitest.dev/guide/snapshot.html

exports[`renders demo correctly 1`] = `
<div>
  <div class="van-tabs van-tabs--line">
    <div class="van-tabs__wrap">
      <div role="tablist" class="van-tabs__nav van-tabs__nav--line">
        <div role="tab" aria-selected="true" class="van-tab van-tab--active" undefined="" vusion-slot-name="title"><span vusion-slot-name-edit="title" class="van-tab__text van-tab__text--ellipsis">基础用法</span></div>
        <div role="tab" class="van-tab" undefined="" vusion-slot-name="title"><span vusion-slot-name-edit="title" class="van-tab__text van-tab__text--ellipsis">错误提示</span></div>
        <div role="tab" class="van-tab" undefined="" vusion-slot-name="title"><span vusion-slot-name-edit="title" class="van-tab__text van-tab__text--ellipsis">下拉刷新</span></div>
        <div class="van-tabs__line" style="transform: translateX(0px) translateX(-50%);"></div>
      </div>
    </div>
    <div class="van-tabs__content">
      <div role="tabpanel" vusion-slot-name="default" class="van-tab__pane" style="">
        <van-list finished-text="没有更多了"></van-list>
      </div>
      <div role="tabpanel" vusion-slot-name="default" class="van-tab__pane" style="display: none;">
        <!---->
      </div>
      <div role="tabpanel" vusion-slot-name="default" class="van-tab__pane" style="display: none;">
        <!---->
      </div>
    </div>
  </div>
</div>
`;
