// Vitest Snapshot v1, https://vitest.dev/guide/snapshot.html

exports[`u-steps.vue > IDE 中空值渲染 1`] = `
<div class="root" counter="true" direction="horizontal" layout="block" readonly="readonly">
  <div class="headWrapper">
    <nav class="head">
      <div class="empty" s-empty="true"></div>
    </nav>
  </div>
  <div class="body"></div>
</div>
`;
